mrnx_matter_status code=0 object=4294967295 index=4294967295 fgmres=10 contacts=0 diagnostics=[0.999999642,0,0,0]
mrnx_human_status code=0 index=4294967295 contacts=0 iterations=12 contact_accel=[0,0,0,94.3243332] factor_assist=[0.0102696475,9.85555363,0,0]
mrnx_matter_status code=0 object=4294967295 index=4294967295 fgmres=10 contacts=0 diagnostics=[0.999998391,0,0,0]
mrnx_human_status code=0 index=4294967295 contacts=0 iterations=12 contact_accel=[0,0,0,63.4122238] factor_assist=[0.0102696475,9.85555363,0,0]
mrnx_matter_status code=0 object=4294967295 index=4294967295 fgmres=10 contacts=0 diagnostics=[0.999999881,0,0,0]
mrnx_human_status code=0 index=4294967295 contacts=0 iterations=12 contact_accel=[0,0,0,38.9226799] factor_assist=[0.0102696475,9.85555363,0,0]
mrnx_matter_status code=0 object=4294967295 index=4294967295 fgmres=10 contacts=0 diagnostics=[1,0,0,0]
mrnx_human_status code=0 index=4294967295 contacts=0 iterations=12 contact_accel=[0,0,0,63.7922745] factor_assist=[0.0102696475,9.85555363,0,0]
mrnx_matter_status code=0 object=4294967295 index=4294967295 fgmres=10 contacts=0 diagnostics=[0.99999851,0,0,0]
mrnx_human_status code=0 index=4294967295 contacts=0 iterations=12 contact_accel=[0,0,0,53.4722023] factor_assist=[0.0102696475,9.85555363,0,0]
mrnx_matter_status code=0 object=4294967295 index=4294967295 fgmres=10 contacts=0 diagnostics=[0.999998391,0,0,0]
mrnx_human_status code=0 index=4294967295 contacts=0 iterations=12 contact_accel=[0,0,0,63.5253983] factor_assist=[0.0102696475,9.85555363,0,0]
mrnx_matter_status code=0 object=4294967295 index=4294967295 fgmres=10 contacts=0 diagnostics=[0.999998152,0,0,0]
mrnx_human_status code=0 index=4294967295 contacts=0 iterations=12 contact_accel=[0,0,0,38.8647346] factor_assist=[0.0102696475,9.85555363,0,0]
mrnx_matter_status code=0 object=4294967295 index=4294967295 fgmres=10 contacts=0 diagnostics=[0.999999642,0,0,0]
mrnx_human_status code=0 index=4294967295 contacts=0 iterations=12 contact_accel=[0,0,0,53.2186241] factor_assist=[0.0102696475,9.85555363,0,0]
mrnx_matter_status code=0 object=4294967295 index=4294967295 fgmres=10 contacts=0 diagnostics=[1,0,0,0]
mrnx_human_status code=0 index=4294967295 contacts=0 iterations=12 contact_accel=[0,0,0,52.6868477] factor_assist=[0.0102696475,9.85555363,0,0]
mrnx_matter_status code=0 object=4294967295 index=4294967295 fgmres=10 contacts=0 diagnostics=[0.999998391,0,0,0]
mrnx_human_status code=0 index=4294967295 contacts=0 iterations=12 contact_accel=[0,0,0,47.9636269] factor_assist=[0.0102696475,9.85555363,0,0]
mrnx_matter_status code=0 object=4294967295 index=4294967295 fgmres=10 contacts=0 diagnostics=[0.99999851,0,0,0]
mrnx_human_status code=0 index=4294967295 contacts=0 iterations=12 contact_accel=[0,0,0,43.8885384] factor_assist=[0.0102696475,9.85555363,0,0]
mrnx_matter_status code=0 object=4294967295 index=4294967295 fgmres=10 contacts=0 diagnostics=[0.99999851,0,0,0]
mrnx_human_status code=0 index=4294967295 contacts=0 iterations=12 contact_accel=[0,0,0,51.9714622] factor_assist=[0.0102696475,9.85555363,0,0]
mrnx_matter_status code=0 object=4294967295 index=4294967295 fgmres=10 contacts=0 diagnostics=[0.999998152,0,0,0]
mrnx_human_status code=0 index=4294967295 contacts=0 iterations=12 contact_accel=[0,0,0,37.6018715] factor_assist=[0.0102696475,9.85555363,0,0]
mrnx_matter_status code=0 object=4294967295 index=4294967295 fgmres=10 contacts=0 diagnostics=[0.99999851,0,0,0]
mrnx_human_status code=0 index=4294967295 contacts=0 iterations=12 contact_accel=[0,0,0,38.748909] factor_assist=[0.0102696475,9.85555363,0,0]
mrnx_matter_status code=0 object=4294967295 index=4294967295 fgmres=10 contacts=0 diagnostics=[0.99999851,0,0,0]
mrnx_human_status code=0 index=4294967295 contacts=0 iterations=12 contact_accel=[0,0,0,54.6386185] factor_assist=[0.0102696475,9.85555363,0,0]
mrnx_matter_status code=0 object=4294967295 index=4294967295 fgmres=10 contacts=0 diagnostics=[0.99999851,0,0,0]
mrnx_human_status code=0 index=4294967295 contacts=0 iterations=12 contact_accel=[0,0,0,55.1305771] factor_assist=[0.0102696475,9.85555363,0,0]
mrnx_matter_status code=0 object=4294967295 index=4294967295 fgmres=10 contacts=0 diagnostics=[0.99999851,0,0,0]
mrnx_human_status code=0 index=4294967295 contacts=0 iterations=12 contact_accel=[0,0,0,18.0433788] factor_assist=[0.0102696475,9.85555363,0,0]
mrnx_matter_status code=0 object=4294967295 index=4294967295 fgmres=10 contacts=0 diagnostics=[0.99999851,0,0,0]
mrnx_human_status code=0 index=4294967295 contacts=0 iterations=12 contact_accel=[0,0,0,49.7006721] factor_assist=[0.0102696475,9.85555363,0,0]
mrnx_matter_status code=0 object=4294967295 index=4294967295 fgmres=9 contacts=0 diagnostics=[0.999998391,0,0,0]
mrnx_human_status code=0 index=4294967295 contacts=0 iterations=12 contact_accel=[0,0,0,68.8004913] factor_assist=[0.0102696475,9.85555363,0,0]
mrnx_matter_status code=0 object=4294967295 index=4294967295 fgmres=10 contacts=0 diagnostics=[0.999998391,0,0,0]
mrnx_human_status code=0 index=4294967295 contacts=0 iterations=12 contact_accel=[0,0,0,32.3176422] factor_assist=[0.0102696475,9.85555363,0,0]
mrnx_matter_status code=0 object=4294967295 index=4294967295 fgmres=10 contacts=0 diagnostics=[0.999999642,0,0,0]
mrnx_human_status code=0 index=4294967295 contacts=0 iterations=12 contact_accel=[0,0,0,60.7845917] factor_assist=[0.0102696475,9.85555363,0,0]
mrnx_matter_status code=0 object=4294967295 index=4294967295 fgmres=8 contacts=0 diagnostics=[0.999999642,0,0,0]
mrnx_human_status code=0 index=4294967295 contacts=0 iterations=12 contact_accel=[0,0,0,72.2107925] factor_assist=[0.0102696475,9.85555363,0,0]
mrnx_matter_status code=0 object=4294967295 index=4294967295 fgmres=10 contacts=0 diagnostics=[0.99999851,0,0,0]
mrnx_human_status code=0 index=4294967295 contacts=0 iterations=12 contact_accel=[0,0,0,42.7710075] factor_assist=[0.0102696475,9.85555363,0,0]
mrnx_matter_status code=0 object=4294967295 index=4294967295 fgmres=10 contacts=0 diagnostics=[0.999998331,0,0,0]
mrnx_human_status code=0 index=4294967295 contacts=0 iterations=12 contact_accel=[0,0,0,41.2779121] factor_assist=[0.0102696475,9.85555363,0,0]
mrnx_matter_status code=0 object=4294967295 index=4294967295 fgmres=10 contacts=0 diagnostics=[0.99999851,0,0,0]
mrnx_human_status code=0 index=4294967295 contacts=0 iterations=12 contact_accel=[0,0,0,26.4740734] factor_assist=[0.0102696475,9.85555363,0,0]
mrnx_matter_status code=0 object=4294967295 index=4294967295 fgmres=10 contacts=0 diagnostics=[0.99999851,0,0,0]
mrnx_human_status code=0 index=4294967295 contacts=0 iterations=12 contact_accel=[0,0,0,27.4471207] factor_assist=[0.0102696475,9.85555363,0,0]
mrnx_matter_status code=0 object=4294967295 index=4294967295 fgmres=10 contacts=0 diagnostics=[0.999998748,0,0,0]
mrnx_human_status code=0 index=4294967295 contacts=0 iterations=12 contact_accel=[0,0,0,20.3248482] factor_assist=[0.0102696475,9.85555363,0,0]
mrnx_matter_status code=0 object=4294967295 index=4294967295 fgmres=10 contacts=0 diagnostics=[0.999998152,0,0,0]
mrnx_human_status code=0 index=4294967295 contacts=0 iterations=12 contact_accel=[0,0,0,44.211647] factor_assist=[0.0102696475,9.85555363,0,0]
mrnx_matter_status code=0 object=4294967295 index=4294967295 fgmres=10 contacts=0 diagnostics=[0.99999851,0,0,0]
mrnx_human_status code=0 index=4294967295 contacts=0 iterations=12 contact_accel=[0,0,0,45.7246742] factor_assist=[0.0102696475,9.85555363,0,0]
mrnx_matter_status code=0 object=4294967295 index=4294967295 fgmres=10 contacts=0 diagnostics=[0.999999881,0,0,0]
mrnx_human_status code=0 index=4294967295 contacts=0 iterations=12 contact_accel=[0,0,0,71.324173] factor_assist=[0.0102696475,9.85555363,0,0]
mrnx_matter_status code=0 object=4294967295 index=4294967295 fgmres=8 contacts=0 diagnostics=[0.999998391,0,0,0]
mrnx_human_status code=0 index=4294967295 contacts=0 iterations=12 contact_accel=[0,0,0,40.7089691] factor_assist=[0.0102696475,9.85555363,0,0]
mrnx_matter_status code=0 object=4294967295 index=4294967295 fgmres=10 contacts=0 diagnostics=[0.999998391,0,0,0]
mrnx_human_status code=0 index=4294967295 contacts=0 iterations=12 contact_accel=[0,0,0,36.2950821] factor_assist=[0.0102696475,9.85555363,0,0]
mrnx_matter_status code=0 object=4294967295 index=4294967295 fgmres=10 contacts=0 diagnostics=[0.999998152,0,0,0]
mrnx_human_status code=0 index=4294967295 contacts=0 iterations=12 contact_accel=[0,0,0,31.5541954] factor_assist=[0.0102696475,9.85555363,0,0]
mrnx_matter_status code=0 object=4294967295 index=4294967295 fgmres=10 contacts=0 diagnostics=[0.999998152,0,0,0]
mrnx_human_status code=0 index=4294967295 contacts=0 iterations=12 contact_accel=[0,0,0,19.6804848] factor_assist=[0.0102696475,9.85555363,0,0]
mrnx_matter_status code=0 object=4294967295 index=4294967295 fgmres=10 contacts=0 diagnostics=[0.999998629,0,0,0]
mrnx_human_status code=0 index=4294967295 contacts=0 iterations=12 contact_accel=[0,0,0,35.6097374] factor_assist=[0.0102696475,9.85555363,0,0]
mrnx_matter_status code=0 object=4294967295 index=4294967295 fgmres=10 contacts=0 diagnostics=[0.999999642,0,0,0]
mrnx_human_status code=0 index=4294967295 contacts=0 iterations=12 contact_accel=[0,0,0,63.472908] factor_assist=[0.0102696475,9.85555363,0,0]
mrnx_matter_status code=0 object=4294967295 index=4294967295 fgmres=10 contacts=0 diagnostics=[0.999998152,0,0,0]
mrnx_human_status code=0 index=4294967295 contacts=0 iterations=12 contact_accel=[0,0,0,87.480278] factor_assist=[0.0102696475,9.85555363,0,0]
mrnx_matter_status code=0 object=4294967295 index=4294967295 fgmres=10 contacts=0 diagnostics=[1,0,0,0]
mrnx_human_status code=0 index=4294967295 contacts=0 iterations=12 contact_accel=[0,0,0,59.4644127] factor_assist=[0.0102696475,9.85555363,0,0]
mrnx_matter_status code=0 object=4294967295 index=4294967295 fgmres=10 contacts=0 diagnostics=[0.999998152,0,0,0]
mrnx_human_status code=0 index=4294967295 contacts=0 iterations=12 contact_accel=[0,0,0,20.615469] factor_assist=[0.0102696475,9.85555363,0,0]
mrnx_matter_status code=0 object=4294967295 index=4294967295 fgmres=10 contacts=0 diagnostics=[0.999998629,0,0,0]
mrnx_human_status code=0 index=4294967295 contacts=0 iterations=12 contact_accel=[0,0,0,41.637867] factor_assist=[0.0102696475,9.85555363,0,0]
mrnx_matter_status code=0 object=4294967295 index=4294967295 fgmres=10 contacts=0 diagnostics=[0.99999851,0,0,0]
mrnx_human_status code=0 index=4294967295 contacts=0 iterations=12 contact_accel=[0,0,0,39.2168198] factor_assist=[0.0102696475,9.85555363,0,0]
mrnx_matter_status code=0 object=4294967295 index=4294967295 fgmres=10 contacts=0 diagnostics=[0.99999851,0,0,0]
mrnx_human_status code=0 index=4294967295 contacts=0 iterations=12 contact_accel=[0,0,0,70.3540726] factor_assist=[0.0102696475,9.85555363,0,0]
mrnx_matter_status code=0 object=4294967295 index=4294967295 fgmres=10 contacts=0 diagnostics=[0.99999851,0,0,0]
mrnx_human_status code=0 index=4294967295 contacts=0 iterations=12 contact_accel=[0,0,0,64.2365952] factor_assist=[0.0102696475,9.85555363,0,0]
mrnx_matter_status code=0 object=4294967295 index=4294967295 fgmres=10 contacts=0 diagnostics=[0.99999851,0,0,0]
mrnx_human_status code=0 index=4294967295 contacts=0 iterations=12 contact_accel=[0,0,0,82.525116] factor_assist=[0.0102696475,9.85555363,0,0]
mrnx_matter_status code=0 object=4294967295 index=4294967295 fgmres=10 contacts=0 diagnostics=[0.999998391,0,0,0]
mrnx_human_status code=0 index=4294967295 contacts=0 iterations=12 contact_accel=[0,0,0,65.7628174] factor_assist=[0.0102696475,9.85555363,0,0]
mrnx_matter_status code=0 object=4294967295 index=4294967295 fgmres=10 contacts=0 diagnostics=[0.99999851,0,0,0]
mrnx_human_status code=0 index=4294967295 contacts=0 iterations=12 contact_accel=[0,0,0,30.5999832] factor_assist=[0.0102696475,9.85555363,0,0]
mrnx_matter_status code=0 object=4294967295 index=4294967295 fgmres=10 contacts=0 diagnostics=[0.999998152,0,0,0]
mrnx_human_status code=0 index=4294967295 contacts=0 iterations=12 contact_accel=[0,0,0,39.4453316] factor_assist=[0.0102696475,9.85555363,0,0]
mrnx_matter_status code=0 object=4294967295 index=4294967295 fgmres=10 contacts=0 diagnostics=[0.999998152,0,0,0]
mrnx_human_status code=0 index=4294967295 contacts=0 iterations=12 contact_accel=[0,0,0,74.9079285] factor_assist=[0.0102696475,9.85555363,0,0]
mrnx_matter_status code=0 object=4294967295 index=4294967295 fgmres=8 contacts=0 diagnostics=[0.999998391,0,0,0]
mrnx_human_status code=0 index=4294967295 contacts=0 iterations=12 contact_accel=[0,0,0,70.9018936] factor_assist=[0.0102696475,9.85555363,0,0]
mrnx_matter_status code=0 object=4294967295 index=4294967295 fgmres=10 contacts=0 diagnostics=[0.999998331,0,0,0]
mrnx_human_status code=0 index=4294967295 contacts=0 iterations=12 contact_accel=[0,0,0,63.7304611] factor_assist=[0.0102696475,9.85555363,0,0]
mrnx_matter_status code=0 object=4294967295 index=4294967295 fgmres=10 contacts=0 diagnostics=[0.99999851,0,0,0]
mrnx_human_status code=0 index=4294967295 contacts=0 iterations=12 contact_accel=[0,0,0,78.3789215] factor_assist=[0.0102696475,9.85555363,0,0]
mrnx_matter_status code=0 object=4294967295 index=4294967295 fgmres=9 contacts=0 diagnostics=[0.99999851,0,0,0]
mrnx_human_status code=0 index=4294967295 contacts=0 iterations=12 contact_accel=[0,0,0,41.5620995] factor_assist=[0.0102696475,9.85555363,0,0]
mrnx_matter_status code=0 object=4294967295 index=4294967295 fgmres=10 contacts=0 diagnostics=[0.999998152,0,0,0]
mrnx_human_status code=0 index=4294967295 contacts=0 iterations=12 contact_accel=[0,0,0,35.2074585] factor_assist=[0.0102696475,9.85555363,0,0]
mrnx_matter_status code=0 object=4294967295 index=4294967295 fgmres=10 contacts=0 diagnostics=[0.99999851,0,0,0]
mrnx_human_status code=0 index=4294967295 contacts=0 iterations=12 contact_accel=[0,0,0,31.9001827] factor_assist=[0.0102696475,9.85555363,0,0]
mrnx_matter_status code=0 object=4294967295 index=4294967295 fgmres=10 contacts=0 diagnostics=[0.999998152,0,0,0]
mrnx_human_status code=0 index=4294967295 contacts=0 iterations=12 contact_accel=[0,0,0,38.6868324] factor_assist=[0.0102696475,9.85555363,0,0]
mrnx_matter_status code=0 object=4294967295 index=4294967295 fgmres=10 contacts=0 diagnostics=[0.999998391,0,0,0]
mrnx_human_status code=0 index=4294967295 contacts=0 iterations=12 contact_accel=[0,0,0,16.4946461] factor_assist=[0.0102696475,9.85555363,0,0]
mrnx_matter_status code=0 object=4294967295 index=4294967295 fgmres=9 contacts=0 diagnostics=[0.999999881,0,0,0]
mrnx_human_status code=0 index=4294967295 contacts=0 iterations=12 contact_accel=[0,0,0,15.691165] factor_assist=[0.0102696475,9.85555363,0,0]
mrnx_matter_status code=0 object=4294967295 index=4294967295 fgmres=8 contacts=0 diagnostics=[0.999999642,0,0,0]
mrnx_human_status code=0 index=4294967295 contacts=0 iterations=12 contact_accel=[0,0,0,51.448616] factor_assist=[0.0102696475,9.85555363,0,0]
mrnx_matter_status code=0 object=4294967295 index=4294967295 fgmres=8 contacts=0 diagnostics=[0.999998152,0,0,0]
mrnx_human_status code=0 index=4294967295 contacts=0 iterations=12 contact_accel=[0,0,0,33.1782532] factor_assist=[0.0102696475,9.85555363,0,0]
mrnx_matter_status code=0 object=4294967295 index=4294967295 fgmres=10 contacts=0 diagnostics=[0.999998152,0,0,0]
mrnx_human_status code=0 index=4294967295 contacts=0 iterations=12 contact_accel=[0,0,0,41.1737518] factor_assist=[0.0102696475,9.85555363,0,0]
mrnx_matter_status code=0 object=4294967295 index=4294967295 fgmres=8 contacts=0 diagnostics=[0.999998152,0,0,0]
mrnx_human_status code=0 index=4294967295 contacts=0 iterations=12 contact_accel=[0,0,0,45.083519] factor_assist=[0.0102696475,9.85555363,0,0]
mrnx_matter_status code=0 object=4294967295 index=4294967295 fgmres=8 contacts=0 diagnostics=[0.999998391,0,0,0]
mrnx_human_status code=0 index=4294967295 contacts=0 iterations=12 contact_accel=[0,0,0,33.8787956] factor_assist=[0.0102696475,9.85555363,0,0]
mrnx_matter_status code=0 object=4294967295 index=4294967295 fgmres=8 contacts=0 diagnostics=[1,0,0,0]
mrnx_human_status code=0 index=4294967295 contacts=0 iterations=12 contact_accel=[0,0,0,19.3341751] factor_assist=[0.0102696475,9.85555363,0,0]
mrnx_matter_status code=0 object=4294967295 index=4294967295 fgmres=10 contacts=0 diagnostics=[0.999998748,0,0,0]
mrnx_human_status code=0 index=4294967295 contacts=0 iterations=12 contact_accel=[0,0,0,47.8217163] factor_assist=[0.0102696475,9.85555363,0,0]
mrnx_matter_status code=0 object=4294967295 index=4294967295 fgmres=10 contacts=0 diagnostics=[0.999998391,0,0,0]
mrnx_human_status code=0 index=4294967295 contacts=0 iterations=12 contact_accel=[0,0,0,25.0170097] factor_assist=[0.0102696475,9.85555363,0,0]
mrnx_matter_status code=0 object=4294967295 index=4294967295 fgmres=10 contacts=0 diagnostics=[0.999998629,0,0,0]
mrnx_human_status code=0 index=4294967295 contacts=0 iterations=12 contact_accel=[0,0,0,62.0933266] factor_assist=[0.0102696475,9.85555363,0,0]
mrnx_matter_status code=0 object=4294967295 index=4294967295 fgmres=8 contacts=0 diagnostics=[0.999999881,0,0,0]
mrnx_human_status code=0 index=4294967295 contacts=0 iterations=12 contact_accel=[0,0,0,45.0514488] factor_assist=[0.0102696475,9.85555363,0,0]
mrnx_matter_status code=0 object=4294967295 index=4294967295 fgmres=8 contacts=0 diagnostics=[0.999999642,0,0,0]
mrnx_human_status code=0 index=4294967295 contacts=0 iterations=12 contact_accel=[0,0,0,35.7954559] factor_assist=[0.0102696475,9.85555363,0,0]
mrnx_matter_status code=0 object=4294967295 index=4294967295 fgmres=9 contacts=0 diagnostics=[0.999998391,0,0,0]
mrnx_human_status code=0 index=4294967295 contacts=0 iterations=12 contact_accel=[0,0,0,57.0949745] factor_assist=[0.0102696475,9.85555363,0,0]
mrnx_matter_status code=0 object=4294967295 index=4294967295 fgmres=10 contacts=0 diagnostics=[0.99999851,0,0,0]
mrnx_human_status code=0 index=4294967295 contacts=0 iterations=12 contact_accel=[0,0,0,31.5980339] factor_assist=[0.0102696475,9.85555363,0,0]
mrnx_matter_status code=0 object=4294967295 index=4294967295 fgmres=8 contacts=0 diagnostics=[0.999998152,0,0,0]
mrnx_human_status code=0 index=4294967295 contacts=0 iterations=12 contact_accel=[0,0,0,26.5866604] factor_assist=[0.0102696475,9.85555363,0,0]
mrnx_matter_status code=0 object=4294967295 index=4294967295 fgmres=9 contacts=0 diagnostics=[0.999998331,0,0,0]
mrnx_human_status code=0 index=4294967295 contacts=0 iterations=12 contact_accel=[0,0,0,41.3922844] factor_assist=[0.0102696475,9.85555363,0,0]
mrnx_matter_status code=0 object=4294967295 index=4294967295 fgmres=8 contacts=0 diagnostics=[0.999998391,0,0,0]
mrnx_human_status code=0 index=4294967295 contacts=0 iterations=12 contact_accel=[0,0,0,39.6232834] factor_assist=[0.0102696475,9.85555363,0,0]
mrnx_matter_status code=0 object=4294967295 index=4294967295 fgmres=10 contacts=0 diagnostics=[0.99999851,0,0,0]
mrnx_human_status code=0 index=4294967295 contacts=0 iterations=12 contact_accel=[0,0,0,47.8709602] factor_assist=[0.0102696475,9.85555363,0,0]
mrnx_matter_status code=0 object=4294967295 index=4294967295 fgmres=8 contacts=0 diagnostics=[0.999999642,0,0,0]
mrnx_human_status code=0 index=4294967295 contacts=0 iterations=12 contact_accel=[0,0,0,49.7836723] factor_assist=[0.0102696475,9.85555363,0,0]
mrnx_matter_status code=0 object=4294967295 index=4294967295 fgmres=10 contacts=0 diagnostics=[0.999999642,0,0,0]
mrnx_human_status code=0 index=4294967295 contacts=0 iterations=12 contact_accel=[0,0,0,58.3522568] factor_assist=[0.0102696475,9.85555363,0,0]
mrnx_matter_status code=0 object=4294967295 index=4294967295 fgmres=9 contacts=0 diagnostics=[0.999999821,0,0,0]
mrnx_human_status code=0 index=4294967295 contacts=0 iterations=12 contact_accel=[0,0,0,65.611618] factor_assist=[0.0102696475,9.85555363,0,0]
mrnx_matter_status code=0 object=4294967295 index=4294967295 fgmres=8 contacts=0 diagnostics=[0.99999845,0,0,0]
mrnx_human_status code=0 index=4294967295 contacts=0 iterations=12 contact_accel=[0,0,0,64.1557312] factor_assist=[0.0102696475,9.85555363,0,0]
mrnx_matter_status code=0 object=4294967295 index=4294967295 fgmres=10 contacts=0 diagnostics=[0.999998569,0,0,0]
mrnx_human_status code=0 index=4294967295 contacts=0 iterations=12 contact_accel=[0,0,0,50.1979942] factor_assist=[0.0102696475,9.85555363,0,0]
mrnx_matter_status code=0 object=4294967295 index=4294967295 fgmres=9 contacts=0 diagnostics=[0.999998212,0,0,0]
mrnx_human_status code=0 index=4294967295 contacts=0 iterations=12 contact_accel=[0,0,0,64.1465454] factor_assist=[0.0102696475,9.85555363,0,0]
mrnx_matter_status code=0 object=4294967295 index=4294967295 fgmres=9 contacts=0 diagnostics=[0.999999642,0,0,0]
mrnx_human_status code=0 index=4294967295 contacts=0 iterations=12 contact_accel=[0,0,0,40.9719582] factor_assist=[0.0102696475,9.85555363,0,0]
mrnx_matter_status code=0 object=4294967295 index=4294967295 fgmres=10 contacts=0 diagnostics=[0.999998391,0,0,0]
mrnx_human_status code=0 index=4294967295 contacts=0 iterations=12 contact_accel=[0,0,0,56.974453] factor_assist=[0.0102696475,9.85555363,0,0]
mrnx_matter_status code=0 object=4294967295 index=4294967295 fgmres=10 contacts=0 diagnostics=[0.999998212,0,0,0]
mrnx_human_status code=0 index=4294967295 contacts=0 iterations=12 contact_accel=[0,0,0,43.3165436] factor_assist=[0.0102696475,9.85555363,0,0]
mrnx_matter_status code=0 object=4294967295 index=4294967295 fgmres=10 contacts=0 diagnostics=[0.999998212,0,0,0]
mrnx_human_status code=0 index=4294967295 contacts=0 iterations=12 contact_accel=[0,0,0,79.560112] factor_assist=[0.0102696475,9.85555363,0,0]
mrnx_matter_status code=0 object=4294967295 index=4294967295 fgmres=8 contacts=0 diagnostics=[0.999998391,0,0,0]
mrnx_human_status code=0 index=4294967295 contacts=0 iterations=12 contact_accel=[0,0,0,100.988647] factor_assist=[0.0102696475,9.85555363,0,0]
mrnx_matter_status code=0 object=4294967295 index=4294967295 fgmres=8 contacts=0 diagnostics=[1.00000012,0,0,0]
mrnx_human_status code=0 index=4294967295 contacts=0 iterations=12 contact_accel=[0,0,0,40.1383476] factor_assist=[0.0102696475,9.85555363,0,0]
mrnx_matter_status code=0 object=4294967295 index=4294967295 fgmres=8 contacts=0 diagnostics=[0.99999845,0,0,0]
mrnx_human_status code=0 index=4294967295 contacts=0 iterations=12 contact_accel=[0,0,0,35.6436768] factor_assist=[0.0102696475,9.85555363,0,0]
mrnx_matter_status code=0 object=4294967295 index=4294967295 fgmres=8 contacts=0 diagnostics=[0.999998689,0,0,0]
mrnx_human_status code=0 index=4294967295 contacts=0 iterations=12 contact_accel=[0,0,0,44.0939331] factor_assist=[0.0102696475,9.85555363,0,0]
mrnx_matter_status code=0 object=4294967295 index=4294967295 fgmres=8 contacts=0 diagnostics=[0.999998569,0,0,0]
mrnx_human_status code=0 index=4294967295 contacts=0 iterations=12 contact_accel=[0,0,0,32.5088387] factor_assist=[0.0102696475,9.85555363,0,0]
mrnx_matter_status code=0 object=4294967295 index=4294967295 fgmres=10 contacts=0 diagnostics=[0.99999845,0,0,0]
mrnx_human_status code=0 index=4294967295 contacts=0 iterations=12 contact_accel=[0,0,0,29.1173916] factor_assist=[0.0102696475,9.85555363,0,0]
mrnx_matter_status code=0 object=4294967295 index=4294967295 fgmres=8 contacts=0 diagnostics=[0.999998689,0,0,0]
mrnx_human_status code=0 index=4294967295 contacts=0 iterations=12 contact_accel=[0,0,0,42.3481064] factor_assist=[0.0102696475,9.85555363,0,0]
mrnx_matter_status code=0 object=4294967295 index=4294967295 fgmres=8 contacts=0 diagnostics=[0.999998868,0,0,0]
mrnx_human_status code=0 index=4294967295 contacts=0 iterations=12 contact_accel=[0,0,0,25.0616627] factor_assist=[0.0102696475,9.85555363,0,0]
mrnx_matter_status code=0 object=4294967295 index=4294967295 fgmres=8 contacts=0 diagnostics=[0.999998271,0,0,0]
mrnx_human_status code=0 index=4294967295 contacts=0 iterations=12 contact_accel=[0,0,0,41.9739265] factor_assist=[0.0102696475,9.85555363,0,0]
mrnx_matter_status code=0 object=4294967295 index=4294967295 fgmres=8 contacts=0 diagnostics=[0.999998629,0,0,0]
mrnx_human_status code=0 index=4294967295 contacts=0 iterations=12 contact_accel=[0,0,0,36.3782616] factor_assist=[0.0102696475,9.85555363,0,0]
mrnx_matter_status code=0 object=4294967295 index=4294967295 fgmres=8 contacts=0 diagnostics=[0.999998271,0,0,0]
mrnx_human_status code=0 index=4294967295 contacts=0 iterations=12 contact_accel=[0,0,0,32.8482323] factor_assist=[0.0102696475,9.85555363,0,0]
mrnx_matter_status code=0 object=4294967295 index=4294967295 fgmres=8 contacts=0 diagnostics=[0.999998748,0,0,0]
mrnx_human_status code=0 index=4294967295 contacts=0 iterations=12 contact_accel=[0,0,0,32.9113579] factor_assist=[0.0102696475,9.85555363,0,0]
mrnx_matter_status code=0 object=4294967295 index=4294967295 fgmres=8 contacts=0 diagnostics=[0.99999845,0,0,0]
mrnx_human_status code=0 index=4294967295 contacts=0 iterations=12 contact_accel=[0,0,0,29.2557487] factor_assist=[0.0102696475,9.85555363,0,0]
mrnx_matter_status code=0 object=4294967295 index=4294967295 fgmres=8 contacts=0 diagnostics=[0.999998271,0,0,0]
mrnx_human_status code=0 index=4294967295 contacts=0 iterations=12 contact_accel=[0,0,0,43.7092247] factor_assist=[0.0102696475,9.85555363,0,0]
mrnx_matter_status code=0 object=4294967295 index=4294967295 fgmres=8 contacts=0 diagnostics=[0.999998271,0,0,0]
mrnx_human_status code=0 index=4294967295 contacts=0 iterations=12 contact_accel=[0,0,0,52.3012161] factor_assist=[0.0102696475,9.85555363,0,0]
mrnx_matter_status code=0 object=4294967295 index=4294967295 fgmres=8 contacts=0 diagnostics=[0.99999851,0,0,0]
mrnx_human_status code=0 index=4294967295 contacts=0 iterations=12 contact_accel=[0,0,0,79.5935745] factor_assist=[0.0102696475,9.85555363,0,0]
mrnx_matter_status code=0 object=4294967295 index=4294967295 fgmres=8 contacts=0 diagnostics=[0.999998271,0,0,0]
mrnx_human_status code=0 index=4294967295 contacts=0 iterations=12 contact_accel=[0,0,0,69.9586868] factor_assist=[0.0102696475,9.85555363,0,0]
mrnx_matter_status code=0 object=4294967295 index=4294967295 fgmres=10 contacts=0 diagnostics=[0.999998569,0,0,0]
mrnx_human_status code=0 index=4294967295 contacts=0 iterations=12 contact_accel=[0,0,0,77.5827332] factor_assist=[0.0102696475,9.85555363,0,0]
mrnx_matter_status code=0 object=4294967295 index=4294967295 fgmres=10 contacts=0 diagnostics=[0.999998689,0,0,0]
mrnx_human_status code=0 index=4294967295 contacts=0 iterations=12 contact_accel=[0,0,0,140.778824] factor_assist=[0.0102696475,9.85555363,0,0]
mrnx_matter_status code=6 object=4294967295 index=4294967295 fgmres=10 contacts=0 diagnostics=[-1,0,0.00201139692,0.000509521575]
mrnx_human_status code=0 index=4294967295 contacts=0 iterations=12 contact_accel=[0,0,0,6092.99756] factor_assist=[0.0102696475,9.85555363,0,0]
experiment failure artifact: 35605c84525dd602495b580ea03679cc4cd1c26baa885ebe1289917c7919b598
numi-brain-experiment: NumanX native runtime failed with status 7, stage 7
real 158.51
user 27.54
sys 3.74
